error: incorrect syntax for backend
 --> tests/ui/attribute_does_not_exist.rs:3:14
  |
3 | #[dbstruct(db+)]
  |              ^
  |
  = help: a backend should be a single world not enclosed in "
